// Jest Snapshot v1, https://goo.gl/fbAQLP

exports[`NativeOptionFc should render and match snapshot 1`] = `
<option value="testValue">
  testLabel
</option>
`;
