// Jest Snapshot v1, https://goo.gl/fbAQLP

exports[`kol-textarea should render with _label="Label" _name="field" _placeholder="Hier steht ein Platzhaltertext" _rows=5 _spellCheck=true _value="Value" _accessKey="V" 1`] = `
<kol-textarea _value="Value">
  <template shadowrootmode="open">
    <div class="kol-form-field kol-form-field--has-value kol-form-field-textarea" role="presentation">
      <label class="kol-form-field__label" htmlfor="id-nonce" id="id-nonce-label">
        <span class="kol-form-field__label-text">
          Label
          <span aria-hidden="true" class="access-key-hint">
            V
          </span>
        </span>
      </label>
      <div class="kol-form-field__input">
        <div class="kol-input-container">
          <div class="kol-input-container__container"><textarea accesskey="V" autocapitalize="off" autocorrect="off" class="kol-textarea" id="id-nonce" name="field" placeholder="Hier steht ein Platzhaltertext" rows="5" value="Value" style="resize: vertical;"></textarea>
          </div>
        </div>
      </div>
    </div>
  </template>
</kol-textarea>
`;

exports[`kol-textarea should render with _label="Label" _name="field" _placeholder="Hier steht ein Platzhaltertext" _rows=5 _spellCheck=true _value="Value" _alert=true 1`] = `
<kol-textarea _alert="" _value="Value">
  <template shadowrootmode="open">
    <div class="kol-form-field kol-form-field--has-value kol-form-field-textarea" role="presentation">
      <label class="kol-form-field__label" htmlfor="id-nonce" id="id-nonce-label">
        <span class="kol-form-field__label-text">
          <span>
            Label
          </span>
        </span>
      </label>
      <div class="kol-form-field__input">
        <div class="kol-input-container">
          <div class="kol-input-container__container"><textarea autocapitalize="off" autocorrect="off" class="kol-textarea" id="id-nonce" name="field" placeholder="Hier steht ein Platzhaltertext" rows="5" value="Value" style="resize: vertical;"></textarea>
          </div>
        </div>
      </div>
    </div>
  </template>
</kol-textarea>
`;

exports[`kol-textarea should render with _label="Label" _name="field" _placeholder="Hier steht ein Platzhaltertext" _rows=5 _spellCheck=true _value="Value" _disabled=true 1`] = `
<kol-textarea _value="Value">
  <template shadowrootmode="open">
    <div class="kol-form-field kol-form-field--disabled kol-form-field--has-value kol-form-field-textarea" role="presentation">
      <label class="kol-form-field__label" htmlfor="id-nonce" id="id-nonce-label">
        <span class="kol-form-field__label-text">
          <span>
            Label
          </span>
        </span>
      </label>
      <div class="kol-form-field__input">
        <div class="kol-input-container kol-input-container--disabled">
          <div class="kol-input-container__container"><textarea autocapitalize="off" autocorrect="off" class="kol-textarea kol-textarea--disabled" disabled="" id="id-nonce" name="field" placeholder="Hier steht ein Platzhaltertext" rows="5" value="Value" style="resize: vertical;"></textarea>
          </div>
        </div>
      </div>
    </div>
  </template>
</kol-textarea>
`;

exports[`kol-textarea should render with _label="Label" _name="field" _placeholder="Hier steht ein Platzhaltertext" _rows=5 _spellCheck=true _value="Value" _hint="Hint" 1`] = `
<kol-textarea _value="Value">
  <template shadowrootmode="open">
    <div class="kol-form-field kol-form-field--has-value kol-form-field-textarea" role="presentation">
      <label class="kol-form-field__label" htmlfor="id-nonce" id="id-nonce-label">
        <span class="kol-form-field__label-text">
          <span>
            Label
          </span>
        </span>
      </label>
      <div class="kol-form-field__input">
        <div class="kol-input-container">
          <div class="kol-input-container__container"><textarea aria-describedby="id-nonce-hint" autocapitalize="off" autocorrect="off" class="kol-textarea" id="id-nonce" name="field" placeholder="Hier steht ein Platzhaltertext" rows="5" value="Value" style="resize: vertical;"></textarea>
          </div>
        </div>
      </div>
      <span class="kol-form-field__hint" id="id-nonce-hint">
        Hint
      </span>
    </div>
  </template>
</kol-textarea>
`;

exports[`kol-textarea should render with _label="Label" _name="field" _placeholder="Hier steht ein Platzhaltertext" _rows=5 _spellCheck=true _value="Value" _icons={"left":{"icon":"codicon codicon-arrow-left"},"right":{"icon":"codicon codicon-arrow-right"}} 1`] = `
<kol-textarea _value="Value">
  <template shadowrootmode="open">
    <div class="kol-form-field kol-form-field--has-value kol-form-field-textarea" role="presentation">
      <label class="kol-form-field__label" htmlfor="id-nonce" id="id-nonce-label">
        <span class="kol-form-field__label-text">
          <span>
            Label
          </span>
        </span>
      </label>
      <div class="kol-form-field__input">
        <div class="kol-input-container">
          <div class="kol-input-container__adornment kol-input-container__adornment--start">
            <kol-icon _icons="codicon codicon-codicon codicon-arrow-left" _label=""></kol-icon>
          </div>
          <div class="kol-input-container__container"><textarea autocapitalize="off" autocorrect="off" class="kol-textarea" id="id-nonce" name="field" placeholder="Hier steht ein Platzhaltertext" rows="5" value="Value" style="resize: vertical;"></textarea>
          </div>
          <div class="kol-input-container__adornment kol-input-container__adornment--end">
            <kol-icon _icons="codicon codicon-codicon codicon-arrow-right" _label=""></kol-icon>
          </div>
        </div>
      </div>
    </div>
  </template>
</kol-textarea>
`;

exports[`kol-textarea should render with _label="Label" _name="field" _placeholder="Hier steht ein Platzhaltertext" _rows=5 _spellCheck=true _value="Value" _icons={"left":{"icon":"codicon codicon-arrow-left"}} 1`] = `
<kol-textarea _value="Value">
  <template shadowrootmode="open">
    <div class="kol-form-field kol-form-field--has-value kol-form-field-textarea" role="presentation">
      <label class="kol-form-field__label" htmlfor="id-nonce" id="id-nonce-label">
        <span class="kol-form-field__label-text">
          <span>
            Label
          </span>
        </span>
      </label>
      <div class="kol-form-field__input">
        <div class="kol-input-container">
          <div class="kol-input-container__adornment kol-input-container__adornment--start">
            <kol-icon _icons="codicon codicon-codicon codicon-arrow-left" _label=""></kol-icon>
          </div>
          <div class="kol-input-container__container"><textarea autocapitalize="off" autocorrect="off" class="kol-textarea" id="id-nonce" name="field" placeholder="Hier steht ein Platzhaltertext" rows="5" value="Value" style="resize: vertical;"></textarea>
          </div>
          <div class="kol-input-container__adornment kol-input-container__adornment--end"></div>
        </div>
      </div>
    </div>
  </template>
</kol-textarea>
`;

exports[`kol-textarea should render with _label="Label" _name="field" _placeholder="Hier steht ein Platzhaltertext" _rows=5 _spellCheck=true _value="Value" _icons={"right":{"icon":"codicon codicon-arrow-right"}} 1`] = `
<kol-textarea _value="Value">
  <template shadowrootmode="open">
    <div class="kol-form-field kol-form-field--has-value kol-form-field-textarea" role="presentation">
      <label class="kol-form-field__label" htmlfor="id-nonce" id="id-nonce-label">
        <span class="kol-form-field__label-text">
          <span>
            Label
          </span>
        </span>
      </label>
      <div class="kol-form-field__input">
        <div class="kol-input-container">
          <div class="kol-input-container__adornment kol-input-container__adornment--start"></div>
          <div class="kol-input-container__container"><textarea autocapitalize="off" autocorrect="off" class="kol-textarea" id="id-nonce" name="field" placeholder="Hier steht ein Platzhaltertext" rows="5" value="Value" style="resize: vertical;"></textarea>
          </div>
          <div class="kol-input-container__adornment kol-input-container__adornment--end">
            <kol-icon _icons="codicon codicon-codicon codicon-arrow-right" _label=""></kol-icon>
          </div>
        </div>
      </div>
    </div>
  </template>
</kol-textarea>
`;

exports[`kol-textarea should render with _label="Label" _name="field" _placeholder="Hier steht ein Platzhaltertext" _rows=5 _spellCheck=true _value="Value" _msg={"_type":"error","_description":"Es ist ein Fehler aufgetreten"} _hideError=true 1`] = `
<kol-textarea _hide-error="" _value="Value">
  <template shadowrootmode="open">
    <div class="kol-form-field kol-form-field--has-value kol-form-field--hidden-error kol-form-field-textarea" role="presentation">
      <label class="kol-form-field__label" htmlfor="id-nonce" id="id-nonce-label">
        <span class="kol-form-field__label-text">
          <span>
            Label
          </span>
        </span>
      </label>
      <div class="kol-form-field__input">
        <div class="kol-input-container">
          <div class="kol-input-container__container"><textarea autocapitalize="off" autocorrect="off" class="kol-textarea" id="id-nonce" name="field" placeholder="Hier steht ein Platzhaltertext" rows="5" value="Value" style="resize: vertical;"></textarea>
          </div>
        </div>
      </div>
    </div>
  </template>
</kol-textarea>
`;

exports[`kol-textarea should render with _label="Label" _name="field" _placeholder="Hier steht ein Platzhaltertext" _rows=5 _spellCheck=true _value="Value" _msg={"_type":"error","_description":"Es ist ein Fehler aufgetreten"} 1`] = `
<kol-textarea _value="Value">
  <template shadowrootmode="open">
    <div class="kol-form-field kol-form-field--has-value kol-form-field-textarea" role="presentation">
      <label class="kol-form-field__label" htmlfor="id-nonce" id="id-nonce-label">
        <span class="kol-form-field__label-text">
          <span>
            Label
          </span>
        </span>
      </label>
      <div class="kol-form-field__input">
        <div class="kol-input-container">
          <div class="kol-input-container__container"><textarea autocapitalize="off" autocorrect="off" class="kol-textarea" id="id-nonce" name="field" placeholder="Hier steht ein Platzhaltertext" rows="5" value="Value" style="resize: vertical;"></textarea>
          </div>
        </div>
      </div>
    </div>
  </template>
</kol-textarea>
`;

exports[`kol-textarea should render with _label="Label" _name="field" _placeholder="Hier steht ein Platzhaltertext" _rows=5 _spellCheck=true _value="Value" _readOnly=true 1`] = `
<kol-textarea _value="Value">
  <template shadowrootmode="open">
    <div class="kol-form-field kol-form-field--has-value kol-form-field--read-only kol-form-field-textarea" role="presentation">
      <label class="kol-form-field__label" htmlfor="id-nonce" id="id-nonce-label">
        <span class="kol-form-field__label-text">
          <span>
            Label
          </span>
        </span>
      </label>
      <div class="kol-form-field__input">
        <div class="kol-input-container">
          <div class="kol-input-container__container"><textarea autocapitalize="off" autocorrect="off" class="kol-textarea kol-textarea--readonly" id="id-nonce" name="field" placeholder="Hier steht ein Platzhaltertext" readonly="" rows="5" value="Value" style="resize: vertical;"></textarea>
          </div>
        </div>
      </div>
    </div>
  </template>
</kol-textarea>
`;

exports[`kol-textarea should render with _label="Label" _name="field" _placeholder="Hier steht ein Platzhaltertext" _rows=5 _spellCheck=true _value="Value" _shortKey="S" 1`] = `
<kol-textarea _value="Value">
  <template shadowrootmode="open">
    <div class="kol-form-field kol-form-field--has-value kol-form-field-textarea" role="presentation">
      <label class="kol-form-field__label" htmlfor="id-nonce" id="id-nonce-label">
        <span class="kol-form-field__label-text">
          Label
          <span aria-hidden="true" class="access-key-hint">
            S
          </span>
        </span>
      </label>
      <div class="kol-form-field__input">
        <div class="kol-input-container">
          <div class="kol-input-container__container"><textarea autocapitalize="off" autocorrect="off" class="kol-textarea" id="id-nonce" name="field" placeholder="Hier steht ein Platzhaltertext" rows="5" value="Value" style="resize: vertical;"></textarea>
          </div>
        </div>
      </div>
    </div>
  </template>
</kol-textarea>
`;

exports[`kol-textarea should render with _label="Label" _name="field" _placeholder="Hier steht ein Platzhaltertext" _rows=5 _spellCheck=true _value="Value" _touched=true 1`] = `
<kol-textarea _touched="" _value="Value">
  <template shadowrootmode="open">
    <div class="kol-form-field kol-form-field--has-value kol-form-field--touched kol-form-field-textarea" role="presentation">
      <label class="kol-form-field__label" htmlfor="id-nonce" id="id-nonce-label">
        <span class="kol-form-field__label-text">
          <span>
            Label
          </span>
        </span>
      </label>
      <div class="kol-form-field__input">
        <div class="kol-input-container">
          <div class="kol-input-container__container"><textarea autocapitalize="off" autocorrect="off" class="kol-textarea kol-textarea--touched" id="id-nonce" name="field" placeholder="Hier steht ein Platzhaltertext" rows="5" value="Value" style="resize: vertical;"></textarea>
          </div>
        </div>
      </div>
    </div>
  </template>
</kol-textarea>
`;

exports[`kol-textarea should render with _label="Label" _name="field" _placeholder="Hier steht ein Platzhaltertext" _rows=5 _spellCheck=true _value="Value" 1`] = `
<kol-textarea _value="Value">
  <template shadowrootmode="open">
    <div class="kol-form-field kol-form-field--has-value kol-form-field-textarea" role="presentation">
      <label class="kol-form-field__label" htmlfor="id-nonce" id="id-nonce-label">
        <span class="kol-form-field__label-text">
          <span>
            Label
          </span>
        </span>
      </label>
      <div class="kol-form-field__input">
        <div class="kol-input-container">
          <div class="kol-input-container__container"><textarea autocapitalize="off" autocorrect="off" class="kol-textarea" id="id-nonce" name="field" placeholder="Hier steht ein Platzhaltertext" rows="5" value="Value" style="resize: vertical;"></textarea>
          </div>
        </div>
      </div>
    </div>
  </template>
</kol-textarea>
`;
