// Jest Snapshot v1, https://goo.gl/fbAQLP

exports[`kol-popover-wc should render with _align="bottom" 1`] = `
<kol-popover-wc class="kol-popover">
  <!---->
  <div class="kol-popover__content" hidden="">
    <div class="bottom kol-popover__arrow"></div>
  </div>
</kol-popover-wc>
`;

exports[`kol-popover-wc should render with _align="left" 1`] = `
<kol-popover-wc class="kol-popover">
  <!---->
  <div class="kol-popover__content" hidden="">
    <div class="kol-popover__arrow left"></div>
  </div>
</kol-popover-wc>
`;

exports[`kol-popover-wc should render with _align="right" 1`] = `
<kol-popover-wc class="kol-popover">
  <!---->
  <div class="kol-popover__content" hidden="">
    <div class="kol-popover__arrow right"></div>
  </div>
</kol-popover-wc>
`;

exports[`kol-popover-wc should render with _align="top" 1`] = `
<kol-popover-wc class="kol-popover">
  <!---->
  <div class="kol-popover__content" hidden="">
    <div class="kol-popover__arrow top"></div>
  </div>
</kol-popover-wc>
`;
