// Jest Snapshot v1, https://goo.gl/fbAQLP

exports[`kol-input-file should render with _label="Label" _name="field" _placeholder="Hier steht ein Platzhaltertext" _value="File" _accessKey="V" 1`] = `
<kol-input-file _placeholder="Hier steht ein Platzhaltertext">
  <template shadowrootmode="open">
    <div class="file kol-form-field kol-input-file" role="presentation">
      <label class="kol-form-field__label" htmlfor="id-nonce" id="id-nonce-label">
        <span class="kol-form-field__label-text">
          Label
          <span aria-hidden="true" class="access-key-hint">
            V
          </span>
        </span>
      </label>
      <div class="kol-form-field__input">
        <div class="kol-input-container">
          <div class="kol-input-container__container">
            <input accesskey="V" autocapitalize="off" autocorrect="off" class="kol-input" id="id-nonce" name="field" type="file" value="File">
          </div>
        </div>
      </div>
    </div>
  </template>
</kol-input-file>
`;

exports[`kol-input-file should render with _label="Label" _name="field" _placeholder="Hier steht ein Platzhaltertext" _value="File" _alert=true 1`] = `
<kol-input-file _alert="" _placeholder="Hier steht ein Platzhaltertext">
  <template shadowrootmode="open">
    <div class="file kol-form-field kol-input-file" role="presentation">
      <label class="kol-form-field__label" htmlfor="id-nonce" id="id-nonce-label">
        <span class="kol-form-field__label-text">
          <span>
            Label
          </span>
        </span>
      </label>
      <div class="kol-form-field__input">
        <div class="kol-input-container">
          <div class="kol-input-container__container">
            <input autocapitalize="off" autocorrect="off" class="kol-input" id="id-nonce" name="field" type="file" value="File">
          </div>
        </div>
      </div>
    </div>
  </template>
</kol-input-file>
`;

exports[`kol-input-file should render with _label="Label" _name="field" _placeholder="Hier steht ein Platzhaltertext" _value="File" _disabled=true 1`] = `
<kol-input-file _placeholder="Hier steht ein Platzhaltertext">
  <template shadowrootmode="open">
    <div class="file kol-form-field kol-form-field--disabled kol-input-file" role="presentation">
      <label class="kol-form-field__label" htmlfor="id-nonce" id="id-nonce-label">
        <span class="kol-form-field__label-text">
          <span>
            Label
          </span>
        </span>
      </label>
      <div class="kol-form-field__input">
        <div class="kol-input-container kol-input-container--disabled">
          <div class="kol-input-container__container">
            <input autocapitalize="off" autocorrect="off" class="kol-input kol-input--disabled" disabled="" id="id-nonce" name="field" type="file" value="File">
          </div>
        </div>
      </div>
    </div>
  </template>
</kol-input-file>
`;

exports[`kol-input-file should render with _label="Label" _name="field" _placeholder="Hier steht ein Platzhaltertext" _value="File" _hint="Hint" 1`] = `
<kol-input-file _placeholder="Hier steht ein Platzhaltertext">
  <template shadowrootmode="open">
    <div class="file kol-form-field kol-input-file" role="presentation">
      <label class="kol-form-field__label" htmlfor="id-nonce" id="id-nonce-label">
        <span class="kol-form-field__label-text">
          <span>
            Label
          </span>
        </span>
      </label>
      <div class="kol-form-field__input">
        <div class="kol-input-container">
          <div class="kol-input-container__container">
            <input aria-describedby="id-nonce-hint" autocapitalize="off" autocorrect="off" class="kol-input" id="id-nonce" name="field" type="file" value="File">
          </div>
        </div>
      </div>
      <span class="kol-form-field__hint" id="id-nonce-hint">
        Hint
      </span>
    </div>
  </template>
</kol-input-file>
`;

exports[`kol-input-file should render with _label="Label" _name="field" _placeholder="Hier steht ein Platzhaltertext" _value="File" _icons={"left":{"icon":"codicon codicon-arrow-left"},"right":{"icon":"codicon codicon-arrow-right"}} 1`] = `
<kol-input-file _placeholder="Hier steht ein Platzhaltertext">
  <template shadowrootmode="open">
    <div class="file kol-form-field kol-input-file" role="presentation">
      <label class="kol-form-field__label" htmlfor="id-nonce" id="id-nonce-label">
        <span class="kol-form-field__label-text">
          <span>
            Label
          </span>
        </span>
      </label>
      <div class="kol-form-field__input">
        <div class="kol-input-container">
          <div class="kol-input-container__adornment kol-input-container__adornment--start">
            <kol-icon _icons="codicon codicon-codicon codicon-arrow-left" _label=""></kol-icon>
          </div>
          <div class="kol-input-container__container">
            <input autocapitalize="off" autocorrect="off" class="kol-input" id="id-nonce" name="field" type="file" value="File">
          </div>
          <div class="kol-input-container__adornment kol-input-container__adornment--end">
            <kol-icon _icons="codicon codicon-codicon codicon-arrow-right" _label=""></kol-icon>
          </div>
        </div>
      </div>
    </div>
  </template>
</kol-input-file>
`;

exports[`kol-input-file should render with _label="Label" _name="field" _placeholder="Hier steht ein Platzhaltertext" _value="File" _icons={"left":{"icon":"codicon codicon-arrow-left"}} 1`] = `
<kol-input-file _placeholder="Hier steht ein Platzhaltertext">
  <template shadowrootmode="open">
    <div class="file kol-form-field kol-input-file" role="presentation">
      <label class="kol-form-field__label" htmlfor="id-nonce" id="id-nonce-label">
        <span class="kol-form-field__label-text">
          <span>
            Label
          </span>
        </span>
      </label>
      <div class="kol-form-field__input">
        <div class="kol-input-container">
          <div class="kol-input-container__adornment kol-input-container__adornment--start">
            <kol-icon _icons="codicon codicon-codicon codicon-arrow-left" _label=""></kol-icon>
          </div>
          <div class="kol-input-container__container">
            <input autocapitalize="off" autocorrect="off" class="kol-input" id="id-nonce" name="field" type="file" value="File">
          </div>
          <div class="kol-input-container__adornment kol-input-container__adornment--end"></div>
        </div>
      </div>
    </div>
  </template>
</kol-input-file>
`;

exports[`kol-input-file should render with _label="Label" _name="field" _placeholder="Hier steht ein Platzhaltertext" _value="File" _icons={"right":{"icon":"codicon codicon-arrow-right"}} 1`] = `
<kol-input-file _placeholder="Hier steht ein Platzhaltertext">
  <template shadowrootmode="open">
    <div class="file kol-form-field kol-input-file" role="presentation">
      <label class="kol-form-field__label" htmlfor="id-nonce" id="id-nonce-label">
        <span class="kol-form-field__label-text">
          <span>
            Label
          </span>
        </span>
      </label>
      <div class="kol-form-field__input">
        <div class="kol-input-container">
          <div class="kol-input-container__adornment kol-input-container__adornment--start"></div>
          <div class="kol-input-container__container">
            <input autocapitalize="off" autocorrect="off" class="kol-input" id="id-nonce" name="field" type="file" value="File">
          </div>
          <div class="kol-input-container__adornment kol-input-container__adornment--end">
            <kol-icon _icons="codicon codicon-codicon codicon-arrow-right" _label=""></kol-icon>
          </div>
        </div>
      </div>
    </div>
  </template>
</kol-input-file>
`;

exports[`kol-input-file should render with _label="Label" _name="field" _placeholder="Hier steht ein Platzhaltertext" _value="File" _msg={"_type":"error","_description":"Es ist ein Fehler aufgetreten"} _hideError=true 1`] = `
<kol-input-file _hide-error="" _placeholder="Hier steht ein Platzhaltertext">
  <template shadowrootmode="open">
    <div class="file kol-form-field kol-form-field--hidden-error kol-input-file" role="presentation">
      <label class="kol-form-field__label" htmlfor="id-nonce" id="id-nonce-label">
        <span class="kol-form-field__label-text">
          <span>
            Label
          </span>
        </span>
      </label>
      <div class="kol-form-field__input">
        <div class="kol-input-container">
          <div class="kol-input-container__container">
            <input autocapitalize="off" autocorrect="off" class="kol-input" id="id-nonce" name="field" type="file" value="File">
          </div>
        </div>
      </div>
    </div>
  </template>
</kol-input-file>
`;

exports[`kol-input-file should render with _label="Label" _name="field" _placeholder="Hier steht ein Platzhaltertext" _value="File" _msg={"_type":"error","_description":"Es ist ein Fehler aufgetreten"} 1`] = `
<kol-input-file _placeholder="Hier steht ein Platzhaltertext">
  <template shadowrootmode="open">
    <div class="file kol-form-field kol-input-file" role="presentation">
      <label class="kol-form-field__label" htmlfor="id-nonce" id="id-nonce-label">
        <span class="kol-form-field__label-text">
          <span>
            Label
          </span>
        </span>
      </label>
      <div class="kol-form-field__input">
        <div class="kol-input-container">
          <div class="kol-input-container__container">
            <input autocapitalize="off" autocorrect="off" class="kol-input" id="id-nonce" name="field" type="file" value="File">
          </div>
        </div>
      </div>
    </div>
  </template>
</kol-input-file>
`;

exports[`kol-input-file should render with _label="Label" _name="field" _placeholder="Hier steht ein Platzhaltertext" _value="File" _readOnly=true 1`] = `
<kol-input-file _placeholder="Hier steht ein Platzhaltertext" _readonly="">
  <template shadowrootmode="open">
    <div class="file kol-form-field kol-input-file" role="presentation">
      <label class="kol-form-field__label" htmlfor="id-nonce" id="id-nonce-label">
        <span class="kol-form-field__label-text">
          <span>
            Label
          </span>
        </span>
      </label>
      <div class="kol-form-field__input">
        <div class="kol-input-container">
          <div class="kol-input-container__container">
            <input autocapitalize="off" autocorrect="off" class="kol-input" id="id-nonce" name="field" type="file" value="File">
          </div>
        </div>
      </div>
    </div>
  </template>
</kol-input-file>
`;

exports[`kol-input-file should render with _label="Label" _name="field" _placeholder="Hier steht ein Platzhaltertext" _value="File" _shortKey="S" 1`] = `
<kol-input-file _placeholder="Hier steht ein Platzhaltertext">
  <template shadowrootmode="open">
    <div class="file kol-form-field kol-input-file" role="presentation">
      <label class="kol-form-field__label" htmlfor="id-nonce" id="id-nonce-label">
        <span class="kol-form-field__label-text">
          Label
          <span aria-hidden="true" class="access-key-hint">
            S
          </span>
        </span>
      </label>
      <div class="kol-form-field__input">
        <div class="kol-input-container">
          <div class="kol-input-container__container">
            <input autocapitalize="off" autocorrect="off" class="kol-input" id="id-nonce" name="field" type="file" value="File">
          </div>
        </div>
      </div>
    </div>
  </template>
</kol-input-file>
`;

exports[`kol-input-file should render with _label="Label" _name="field" _placeholder="Hier steht ein Platzhaltertext" _value="File" _smartButton={"_icons":["codicon codicon-eye"],"_hideLabel":true,"_label":"einblenden"} 1`] = `
<kol-input-file _placeholder="Hier steht ein Platzhaltertext">
  <template shadowrootmode="open">
    <div class="file kol-form-field kol-input-file" role="presentation">
      <label class="kol-form-field__label" htmlfor="id-nonce" id="id-nonce-label">
        <span class="kol-form-field__label-text">
          <span>
            Label
          </span>
        </span>
      </label>
      <div class="kol-form-field__input">
        <div class="kol-input-container">
          <div class="kol-input-container__adornment kol-input-container__adornment--start"></div>
          <div class="kol-input-container__container">
            <input autocapitalize="off" autocorrect="off" class="kol-input" id="id-nonce" name="field" type="file" value="File">
          </div>
          <div class="kol-input-container__adornment kol-input-container__adornment--end">
            <kol-button-wc _hidelabel="" _label="einblenden" tabindex="0"></kol-button-wc>
          </div>
        </div>
      </div>
    </div>
  </template>
</kol-input-file>
`;

exports[`kol-input-file should render with _label="Label" _name="field" _placeholder="Hier steht ein Platzhaltertext" _value="File" _touched=true 1`] = `
<kol-input-file _placeholder="Hier steht ein Platzhaltertext" _touched="">
  <template shadowrootmode="open">
    <div class="file kol-form-field kol-form-field--touched kol-input-file" role="presentation">
      <label class="kol-form-field__label" htmlfor="id-nonce" id="id-nonce-label">
        <span class="kol-form-field__label-text">
          <span>
            Label
          </span>
        </span>
      </label>
      <div class="kol-form-field__input">
        <div class="kol-input-container">
          <div class="kol-input-container__container">
            <input autocapitalize="off" autocorrect="off" class="kol-input kol-input--touched" id="id-nonce" name="field" type="file" value="File">
          </div>
        </div>
      </div>
    </div>
  </template>
</kol-input-file>
`;

exports[`kol-input-file should render with _label="Label" _name="field" _placeholder="Hier steht ein Platzhaltertext" _value="File" 1`] = `
<kol-input-file _placeholder="Hier steht ein Platzhaltertext">
  <template shadowrootmode="open">
    <div class="file kol-form-field kol-input-file" role="presentation">
      <label class="kol-form-field__label" htmlfor="id-nonce" id="id-nonce-label">
        <span class="kol-form-field__label-text">
          <span>
            Label
          </span>
        </span>
      </label>
      <div class="kol-form-field__input">
        <div class="kol-input-container">
          <div class="kol-input-container__container">
            <input autocapitalize="off" autocorrect="off" class="kol-input" id="id-nonce" name="field" type="file" value="File">
          </div>
        </div>
      </div>
    </div>
  </template>
</kol-input-file>
`;
