// Jest Snapshot v1, https://goo.gl/fbAQLP

exports[`kol-spin should render with _show=false 1`] = `
<kol-spin class="kol-spin">
  <template shadowrootmode="open"></template>
</kol-spin>
`;

exports[`kol-spin should render with _show=true 1`] = `
<kol-spin _show="" class="kol-spin">
  <template shadowrootmode="open">
    <span aria-busy="true" aria-label="kol-action-running" aria-live="polite" class="kol-spin__spinner kol-spin__spinner--dot" role="alert">
      <span class="kol-spin__spinner-element kol-spin__spinner-element--1"></span>
      <span class="kol-spin__spinner-element kol-spin__spinner-element--2"></span>
      <span class="kol-spin__spinner-element kol-spin__spinner-element--3"></span>
      <span class="kol-spin__spinner-element kol-spin__spinner-element--neutral"></span>
    </span>
  </template>
</kol-spin>
`;
