// Jest Snapshot v1, https://goo.gl/fbAQLP

exports[`InputFc should render and match snapshot 1`] = `<input autocapitalize="off" autocorrect="off" id="test" type="text" value="test">`;
