// Jest Snapshot v1, https://goo.gl/fbAQLP

exports[`kol-form should render with _requiredText="Pflichtfeld" 1`] = `
<kol-form>
  <template shadowrootmode="open">
    <form autocomplete="off" class="kol-form" method="post" novalidate="">
      <p>
        <div class="kol-form__mandatory-fields-hint">
          Pflichtfeld
        </div>
      </p>
      <slot></slot>
    </form>
  </template>
</kol-form>
`;
