// Jest Snapshot v1, https://goo.gl/fbAQLP

exports[`NativeOptionListFc should render and match snapshot 1`] = `
<option value="-0">
  Option 1
</option>
`;

exports[`NativeOptionListFc should render with a single option 1`] = `
<option value="-0">
  Option 1
</option>
`;

exports[`NativeOptionListFc should render with multiple options 1`] = `
<option value="-0">
  Option 1
</option>
`;

exports[`NativeOptionListFc should render with nested option groups 1`] = `
<optgroup label="Group 1">
  <option value="-0-0">
    Option 1
  </option>
  <option value="-0-1">
    Option 2
  </option>
</optgroup>
`;
